// Jest Snapshot v1, https://goo.gl/fbAQLP

exports[`React Failed 1`] = `
<div>
  success
</div>
`;
